[2026-05-31T20:15:44.861+0000] {local_task_job_runner.py:120} INFO - ::group::Pre task execution logs
[2026-05-31T20:15:44.918+0000] {taskinstance.py:2076} INFO - Dependencies all met for dep_context=non-requeueable deps ti=<TaskInstance: weather_pipeline.fetch_forecast scheduled__2026-05-31T19:00:00+00:00 [queued]>
[2026-05-31T20:15:44.935+0000] {taskinstance.py:2076} INFO - Dependencies all met for dep_context=requeueable deps ti=<TaskInstance: weather_pipeline.fetch_forecast scheduled__2026-05-31T19:00:00+00:00 [queued]>
[2026-05-31T20:15:44.936+0000] {taskinstance.py:2306} INFO - Starting attempt 2 of 2
[2026-05-31T20:15:44.982+0000] {taskinstance.py:2330} INFO - Executing <Task(PythonOperator): fetch_forecast> on 2026-05-31 19:00:00+00:00
[2026-05-31T20:15:44.998+0000] {warnings.py:110} WARNING - /home/***/.local/lib/python3.12/site-packages/***/task/task_runner/standard_task_runner.py:61: DeprecationWarning: This process (pid=425) is multi-threaded, use of fork() may lead to deadlocks in the child.
  pid = os.fork()

[2026-05-31T20:15:45.003+0000] {standard_task_runner.py:63} INFO - Started process 430 to run task
[2026-05-31T20:15:45.001+0000] {standard_task_runner.py:90} INFO - Running: ['***', 'tasks', 'run', 'weather_pipeline', 'fetch_forecast', 'scheduled__2026-05-31T19:00:00+00:00', '--job-id', '23', '--raw', '--subdir', 'DAGS_FOLDER/weather_dag.py', '--cfg-path', '/tmp/tmpts0op_id']
[2026-05-31T20:15:45.006+0000] {standard_task_runner.py:91} INFO - Job 23: Subtask fetch_forecast
[2026-05-31T20:15:45.130+0000] {task_command.py:426} INFO - Running <TaskInstance: weather_pipeline.fetch_forecast scheduled__2026-05-31T19:00:00+00:00 [running]> on host 47d9245895e8
[2026-05-31T20:15:45.341+0000] {taskinstance.py:2648} INFO - Exporting env vars: AIRFLOW_CTX_DAG_OWNER='student' AIRFLOW_CTX_DAG_ID='weather_pipeline' AIRFLOW_CTX_TASK_ID='fetch_forecast' AIRFLOW_CTX_EXECUTION_DATE='2026-05-31T19:00:00+00:00' AIRFLOW_CTX_TRY_NUMBER='2' AIRFLOW_CTX_DAG_RUN_ID='scheduled__2026-05-31T19:00:00+00:00'
[2026-05-31T20:15:45.346+0000] {taskinstance.py:430} INFO - ::endgroup::
[2026-05-31T20:15:45.369+0000] {logging_mixin.py:188} INFO - Fetching forecast weather data...
[2026-05-31T20:15:45.370+0000] {logging_mixin.py:188} INFO - Processing forecast data for Moscow...
[2026-05-31T20:15:46.071+0000] {logging_mixin.py:188} INFO - Processing forecast data for Bangkok...
[2026-05-31T20:15:48.621+0000] {logging_mixin.py:188} INFO - Processing forecast data for Beijing...
[2026-05-31T20:15:49.333+0000] {logging_mixin.py:188} INFO - Processing forecast data for Berlin...
[2026-05-31T20:15:51.660+0000] {logging_mixin.py:188} INFO - Processing forecast data for Cairo...
[2026-05-31T20:15:52.299+0000] {logging_mixin.py:188} INFO - Processing forecast data for Cape Town...
[2026-05-31T20:15:52.866+0000] {logging_mixin.py:188} INFO - Processing forecast data for Dubai...
[2026-05-31T20:15:55.567+0000] {logging_mixin.py:188} INFO - Processing forecast data for Istanbul...
[2026-05-31T20:15:56.144+0000] {logging_mixin.py:188} INFO - Processing forecast data for Kathmandu...
[2026-05-31T20:16:15.560+0000] {taskinstance.py:441} INFO - ::group::Post task execution logs
[2026-05-31T20:16:15.563+0000] {taskinstance.py:2905} ERROR - Task failed with exception
Traceback (most recent call last):
  File "/home/airflow/.local/lib/python3.12/site-packages/urllib3/connectionpool.py", line 467, in _make_request
    self._validate_conn(conn)
  File "/home/airflow/.local/lib/python3.12/site-packages/urllib3/connectionpool.py", line 1099, in _validate_conn
    conn.connect()
  File "/home/airflow/.local/lib/python3.12/site-packages/urllib3/connection.py", line 653, in connect
    sock_and_verified = _ssl_wrap_socket_and_match_hostname(
                        ^^^^^^^^^^^^^^^^^^^^^^^^^^^^^^^^^^^^
  File "/home/airflow/.local/lib/python3.12/site-packages/urllib3/connection.py", line 806, in _ssl_wrap_socket_and_match_hostname
    ssl_sock = ssl_wrap_socket(
               ^^^^^^^^^^^^^^^^
  File "/home/airflow/.local/lib/python3.12/site-packages/urllib3/util/ssl_.py", line 465, in ssl_wrap_socket
    ssl_sock = _ssl_wrap_socket_impl(sock, context, tls_in_tls, server_hostname)
               ^^^^^^^^^^^^^^^^^^^^^^^^^^^^^^^^^^^^^^^^^^^^^^^^^^^^^^^^^^^^^^^^^
  File "/home/airflow/.local/lib/python3.12/site-packages/urllib3/util/ssl_.py", line 509, in _ssl_wrap_socket_impl
    return ssl_context.wrap_socket(sock, server_hostname=server_hostname)
           ^^^^^^^^^^^^^^^^^^^^^^^^^^^^^^^^^^^^^^^^^^^^^^^^^^^^^^^^^^^^^^
  File "/usr/local/lib/python3.12/ssl.py", line 455, in wrap_socket
    return self.sslsocket_class._create(
           ^^^^^^^^^^^^^^^^^^^^^^^^^^^^^
  File "/usr/local/lib/python3.12/ssl.py", line 1042, in _create
    self.do_handshake()
  File "/usr/local/lib/python3.12/ssl.py", line 1320, in do_handshake
    self._sslobj.do_handshake()
ssl.SSLEOFError: [SSL: UNEXPECTED_EOF_WHILE_READING] EOF occurred in violation of protocol (_ssl.c:1000)

During handling of the above exception, another exception occurred:

Traceback (most recent call last):
  File "/home/airflow/.local/lib/python3.12/site-packages/urllib3/connectionpool.py", line 793, in urlopen
    response = self._make_request(
               ^^^^^^^^^^^^^^^^^^^
  File "/home/airflow/.local/lib/python3.12/site-packages/urllib3/connectionpool.py", line 491, in _make_request
    raise new_e
urllib3.exceptions.SSLError: [SSL: UNEXPECTED_EOF_WHILE_READING] EOF occurred in violation of protocol (_ssl.c:1000)

The above exception was the direct cause of the following exception:

Traceback (most recent call last):
  File "/home/airflow/.local/lib/python3.12/site-packages/requests/adapters.py", line 486, in send
    resp = conn.urlopen(
           ^^^^^^^^^^^^^
  File "/home/airflow/.local/lib/python3.12/site-packages/urllib3/connectionpool.py", line 847, in urlopen
    retries = retries.increment(
              ^^^^^^^^^^^^^^^^^^
  File "/home/airflow/.local/lib/python3.12/site-packages/urllib3/util/retry.py", line 515, in increment
    raise MaxRetryError(_pool, url, reason) from reason  # type: ignore[arg-type]
    ^^^^^^^^^^^^^^^^^^^^^^^^^^^^^^^^^^^^^^^^^^^^^^^^^^^
urllib3.exceptions.MaxRetryError: HTTPSConnectionPool(host='archive-api.open-meteo.com', port=443): Max retries exceeded with url: /v1/archive?latitude=27.70169&longitude=85.3206&start_date=2026-03-02&end_date=2026-05-31&hourly=temperature_2m%2Cprecipitation%2Cwind_speed_10m&timezone=UTC (Caused by SSLError(SSLEOFError(8, '[SSL: UNEXPECTED_EOF_WHILE_READING] EOF occurred in violation of protocol (_ssl.c:1000)')))

During handling of the above exception, another exception occurred:

Traceback (most recent call last):
  File "/home/airflow/.local/lib/python3.12/site-packages/airflow/models/taskinstance.py", line 465, in _execute_task
    result = _execute_callable(context=context, **execute_callable_kwargs)
             ^^^^^^^^^^^^^^^^^^^^^^^^^^^^^^^^^^^^^^^^^^^^^^^^^^^^^^^^^^^^^
  File "/home/airflow/.local/lib/python3.12/site-packages/airflow/models/taskinstance.py", line 432, in _execute_callable
    return execute_callable(context=context, **execute_callable_kwargs)
           ^^^^^^^^^^^^^^^^^^^^^^^^^^^^^^^^^^^^^^^^^^^^^^^^^^^^^^^^^^^^
  File "/home/airflow/.local/lib/python3.12/site-packages/airflow/models/baseoperator.py", line 400, in wrapper
    return func(self, *args, **kwargs)
           ^^^^^^^^^^^^^^^^^^^^^^^^^^^
  File "/home/airflow/.local/lib/python3.12/site-packages/airflow/operators/python.py", line 235, in execute
    return_value = self.execute_callable()
                   ^^^^^^^^^^^^^^^^^^^^^^^
  File "/home/airflow/.local/lib/python3.12/site-packages/airflow/operators/python.py", line 252, in execute_callable
    return self.python_callable(*self.op_args, **self.op_kwargs)
           ^^^^^^^^^^^^^^^^^^^^^^^^^^^^^^^^^^^^^^^^^^^^^^^^^^^^^
  File "/opt/airflow/project/scripts/fetch_and_store.py", line 161, in fetch_forecast
    df = get_weather_data(lat, lon, city)
         ^^^^^^^^^^^^^^^^^^^^^^^^^^^^^^^^
  File "/opt/airflow/project/scripts/fetch_and_store.py", line 63, in get_weather_data
    hist_resp = requests.get(hist_url, params=hist_params)
                ^^^^^^^^^^^^^^^^^^^^^^^^^^^^^^^^^^^^^^^^^^
  File "/home/airflow/.local/lib/python3.12/site-packages/requests/api.py", line 73, in get
    return request("get", url, params=params, **kwargs)
           ^^^^^^^^^^^^^^^^^^^^^^^^^^^^^^^^^^^^^^^^^^^^
  File "/home/airflow/.local/lib/python3.12/site-packages/requests/api.py", line 59, in request
    return session.request(method=method, url=url, **kwargs)
           ^^^^^^^^^^^^^^^^^^^^^^^^^^^^^^^^^^^^^^^^^^^^^^^^^
  File "/home/airflow/.local/lib/python3.12/site-packages/requests/sessions.py", line 589, in request
    resp = self.send(prep, **send_kwargs)
           ^^^^^^^^^^^^^^^^^^^^^^^^^^^^^^
  File "/home/airflow/.local/lib/python3.12/site-packages/requests/sessions.py", line 703, in send
    r = adapter.send(request, **kwargs)
        ^^^^^^^^^^^^^^^^^^^^^^^^^^^^^^^
  File "/home/airflow/.local/lib/python3.12/site-packages/requests/adapters.py", line 517, in send
    raise SSLError(e, request=request)
requests.exceptions.SSLError: HTTPSConnectionPool(host='archive-api.open-meteo.com', port=443): Max retries exceeded with url: /v1/archive?latitude=27.70169&longitude=85.3206&start_date=2026-03-02&end_date=2026-05-31&hourly=temperature_2m%2Cprecipitation%2Cwind_speed_10m&timezone=UTC (Caused by SSLError(SSLEOFError(8, '[SSL: UNEXPECTED_EOF_WHILE_READING] EOF occurred in violation of protocol (_ssl.c:1000)')))
[2026-05-31T20:16:15.616+0000] {taskinstance.py:1206} INFO - Marking task as FAILED. dag_id=weather_pipeline, task_id=fetch_forecast, run_id=scheduled__2026-05-31T19:00:00+00:00, execution_date=20260531T190000, start_date=20260531T201544, end_date=20260531T201615
[2026-05-31T20:16:15.650+0000] {standard_task_runner.py:110} ERROR - Failed to execute job 23 for task fetch_forecast (HTTPSConnectionPool(host='archive-api.open-meteo.com', port=443): Max retries exceeded with url: /v1/archive?latitude=27.70169&longitude=85.3206&start_date=2026-03-02&end_date=2026-05-31&hourly=temperature_2m%2Cprecipitation%2Cwind_speed_10m&timezone=UTC (Caused by SSLError(SSLEOFError(8, '[SSL: UNEXPECTED_EOF_WHILE_READING] EOF occurred in violation of protocol (_ssl.c:1000)'))); 430)
[2026-05-31T20:16:15.720+0000] {local_task_job_runner.py:240} INFO - Task exited with return code 1
[2026-05-31T20:16:15.758+0000] {taskinstance.py:3498} INFO - 0 downstream tasks scheduled from follow-on schedule check
[2026-05-31T20:16:15.761+0000] {local_task_job_runner.py:222} INFO - ::endgroup::
