[2026-06-04T07:36:50.864+0000] {processor.py:161} INFO - Started process (PID=94) to work on /opt/airflow/dags/weather_dag.py
[2026-06-04T07:36:50.869+0000] {processor.py:830} INFO - Processing file /opt/airflow/dags/weather_dag.py for tasks to queue
[2026-06-04T07:36:50.874+0000] {logging_mixin.py:188} INFO - [2026-06-04T07:36:50.873+0000] {dagbag.py:545} INFO - Filling up the DagBag from /opt/airflow/dags/weather_dag.py
[2026-06-04T07:36:51.709+0000] {processor.py:840} INFO - DAG(s) 'weather_pipeline' retrieved from /opt/airflow/dags/weather_dag.py
[2026-06-04T07:36:51.862+0000] {logging_mixin.py:188} INFO - [2026-06-04T07:36:51.861+0000] {dag.py:3096} INFO - Sync 1 DAGs
[2026-06-04T07:36:51.949+0000] {logging_mixin.py:188} INFO - [2026-06-04T07:36:51.949+0000] {dag.py:3954} INFO - Setting next_dagrun for weather_pipeline to 2026-06-04 06:00:00+00:00, run_after=2026-06-04 07:00:00+00:00
[2026-06-04T07:36:52.009+0000] {processor.py:183} INFO - Processing /opt/airflow/dags/weather_dag.py took 1.165 seconds
[2026-06-04T07:37:22.319+0000] {processor.py:161} INFO - Started process (PID=102) to work on /opt/airflow/dags/weather_dag.py
[2026-06-04T07:37:22.322+0000] {processor.py:830} INFO - Processing file /opt/airflow/dags/weather_dag.py for tasks to queue
[2026-06-04T07:37:22.326+0000] {logging_mixin.py:188} INFO - [2026-06-04T07:37:22.326+0000] {dagbag.py:545} INFO - Filling up the DagBag from /opt/airflow/dags/weather_dag.py
[2026-06-04T07:37:22.656+0000] {processor.py:840} INFO - DAG(s) 'weather_pipeline' retrieved from /opt/airflow/dags/weather_dag.py
[2026-06-04T07:37:22.701+0000] {logging_mixin.py:188} INFO - [2026-06-04T07:37:22.701+0000] {dag.py:3096} INFO - Sync 1 DAGs
[2026-06-04T07:37:22.748+0000] {logging_mixin.py:188} INFO - [2026-06-04T07:37:22.748+0000] {dag.py:3954} INFO - Setting next_dagrun for weather_pipeline to 2026-06-04 06:00:00+00:00, run_after=2026-06-04 07:00:00+00:00
[2026-06-04T07:37:22.787+0000] {processor.py:183} INFO - Processing /opt/airflow/dags/weather_dag.py took 0.481 seconds
[2026-06-04T07:37:53.129+0000] {processor.py:161} INFO - Started process (PID=110) to work on /opt/airflow/dags/weather_dag.py
[2026-06-04T07:37:53.132+0000] {processor.py:830} INFO - Processing file /opt/airflow/dags/weather_dag.py for tasks to queue
[2026-06-04T07:37:53.136+0000] {logging_mixin.py:188} INFO - [2026-06-04T07:37:53.135+0000] {dagbag.py:545} INFO - Filling up the DagBag from /opt/airflow/dags/weather_dag.py
[2026-06-04T07:37:53.541+0000] {processor.py:840} INFO - DAG(s) 'weather_pipeline' retrieved from /opt/airflow/dags/weather_dag.py
[2026-06-04T07:37:53.834+0000] {logging_mixin.py:188} INFO - [2026-06-04T07:37:53.833+0000] {dag.py:3096} INFO - Sync 1 DAGs
[2026-06-04T07:37:53.880+0000] {logging_mixin.py:188} INFO - [2026-06-04T07:37:53.880+0000] {dag.py:3954} INFO - Setting next_dagrun for weather_pipeline to 2026-06-04 06:00:00+00:00, run_after=2026-06-04 07:00:00+00:00
[2026-06-04T07:37:53.928+0000] {processor.py:183} INFO - Processing /opt/airflow/dags/weather_dag.py took 0.816 seconds
[2026-06-04T07:38:24.326+0000] {processor.py:161} INFO - Started process (PID=118) to work on /opt/airflow/dags/weather_dag.py
[2026-06-04T07:38:24.329+0000] {processor.py:830} INFO - Processing file /opt/airflow/dags/weather_dag.py for tasks to queue
[2026-06-04T07:38:24.335+0000] {logging_mixin.py:188} INFO - [2026-06-04T07:38:24.334+0000] {dagbag.py:545} INFO - Filling up the DagBag from /opt/airflow/dags/weather_dag.py
[2026-06-04T07:38:24.707+0000] {processor.py:840} INFO - DAG(s) 'weather_pipeline' retrieved from /opt/airflow/dags/weather_dag.py
[2026-06-04T07:38:24.782+0000] {logging_mixin.py:188} INFO - [2026-06-04T07:38:24.781+0000] {dag.py:3096} INFO - Sync 1 DAGs
[2026-06-04T07:38:24.853+0000] {logging_mixin.py:188} INFO - [2026-06-04T07:38:24.853+0000] {dag.py:3954} INFO - Setting next_dagrun for weather_pipeline to 2026-06-04 06:00:00+00:00, run_after=2026-06-04 07:00:00+00:00
[2026-06-04T07:38:24.896+0000] {processor.py:183} INFO - Processing /opt/airflow/dags/weather_dag.py took 0.594 seconds
[2026-06-04T07:38:55.210+0000] {processor.py:161} INFO - Started process (PID=126) to work on /opt/airflow/dags/weather_dag.py
[2026-06-04T07:38:55.214+0000] {processor.py:830} INFO - Processing file /opt/airflow/dags/weather_dag.py for tasks to queue
[2026-06-04T07:38:55.218+0000] {logging_mixin.py:188} INFO - [2026-06-04T07:38:55.218+0000] {dagbag.py:545} INFO - Filling up the DagBag from /opt/airflow/dags/weather_dag.py
[2026-06-04T07:38:55.546+0000] {processor.py:840} INFO - DAG(s) 'weather_pipeline' retrieved from /opt/airflow/dags/weather_dag.py
[2026-06-04T07:38:55.806+0000] {logging_mixin.py:188} INFO - [2026-06-04T07:38:55.805+0000] {dag.py:3096} INFO - Sync 1 DAGs
[2026-06-04T07:38:55.844+0000] {logging_mixin.py:188} INFO - [2026-06-04T07:38:55.844+0000] {dag.py:3954} INFO - Setting next_dagrun for weather_pipeline to 2026-06-04 06:00:00+00:00, run_after=2026-06-04 07:00:00+00:00
[2026-06-04T07:38:55.886+0000] {processor.py:183} INFO - Processing /opt/airflow/dags/weather_dag.py took 0.687 seconds
[2026-06-04T07:39:26.206+0000] {processor.py:161} INFO - Started process (PID=134) to work on /opt/airflow/dags/weather_dag.py
[2026-06-04T07:39:26.208+0000] {processor.py:830} INFO - Processing file /opt/airflow/dags/weather_dag.py for tasks to queue
[2026-06-04T07:39:26.224+0000] {logging_mixin.py:188} INFO - [2026-06-04T07:39:26.222+0000] {dagbag.py:545} INFO - Filling up the DagBag from /opt/airflow/dags/weather_dag.py
[2026-06-04T07:39:26.641+0000] {processor.py:840} INFO - DAG(s) 'weather_pipeline' retrieved from /opt/airflow/dags/weather_dag.py
[2026-06-04T07:39:26.710+0000] {logging_mixin.py:188} INFO - [2026-06-04T07:39:26.709+0000] {dag.py:3096} INFO - Sync 1 DAGs
[2026-06-04T07:39:26.764+0000] {logging_mixin.py:188} INFO - [2026-06-04T07:39:26.764+0000] {dag.py:3954} INFO - Setting next_dagrun for weather_pipeline to 2026-06-04 06:00:00+00:00, run_after=2026-06-04 07:00:00+00:00
[2026-06-04T07:39:26.809+0000] {processor.py:183} INFO - Processing /opt/airflow/dags/weather_dag.py took 0.632 seconds
[2026-06-04T07:39:57.088+0000] {processor.py:161} INFO - Started process (PID=142) to work on /opt/airflow/dags/weather_dag.py
[2026-06-04T07:39:57.090+0000] {processor.py:830} INFO - Processing file /opt/airflow/dags/weather_dag.py for tasks to queue
[2026-06-04T07:39:57.095+0000] {logging_mixin.py:188} INFO - [2026-06-04T07:39:57.094+0000] {dagbag.py:545} INFO - Filling up the DagBag from /opt/airflow/dags/weather_dag.py
[2026-06-04T07:39:57.537+0000] {processor.py:840} INFO - DAG(s) 'weather_pipeline' retrieved from /opt/airflow/dags/weather_dag.py
[2026-06-04T07:39:57.607+0000] {logging_mixin.py:188} INFO - [2026-06-04T07:39:57.606+0000] {dag.py:3096} INFO - Sync 1 DAGs
[2026-06-04T07:39:57.670+0000] {logging_mixin.py:188} INFO - [2026-06-04T07:39:57.669+0000] {dag.py:3954} INFO - Setting next_dagrun for weather_pipeline to 2026-06-04 06:00:00+00:00, run_after=2026-06-04 07:00:00+00:00
[2026-06-04T07:39:57.719+0000] {processor.py:183} INFO - Processing /opt/airflow/dags/weather_dag.py took 0.647 seconds
[2026-06-04T07:40:28.297+0000] {processor.py:161} INFO - Started process (PID=149) to work on /opt/airflow/dags/weather_dag.py
[2026-06-04T07:40:28.300+0000] {processor.py:830} INFO - Processing file /opt/airflow/dags/weather_dag.py for tasks to queue
[2026-06-04T07:40:28.307+0000] {logging_mixin.py:188} INFO - [2026-06-04T07:40:28.306+0000] {dagbag.py:545} INFO - Filling up the DagBag from /opt/airflow/dags/weather_dag.py
[2026-06-04T07:40:28.798+0000] {processor.py:840} INFO - DAG(s) 'weather_pipeline' retrieved from /opt/airflow/dags/weather_dag.py
[2026-06-04T07:40:28.875+0000] {logging_mixin.py:188} INFO - [2026-06-04T07:40:28.874+0000] {dag.py:3096} INFO - Sync 1 DAGs
[2026-06-04T07:40:28.952+0000] {logging_mixin.py:188} INFO - [2026-06-04T07:40:28.951+0000] {dag.py:3954} INFO - Setting next_dagrun for weather_pipeline to 2026-06-04 06:00:00+00:00, run_after=2026-06-04 07:00:00+00:00
[2026-06-04T07:40:29.020+0000] {processor.py:183} INFO - Processing /opt/airflow/dags/weather_dag.py took 0.740 seconds
[2026-06-04T07:40:59.379+0000] {processor.py:161} INFO - Started process (PID=157) to work on /opt/airflow/dags/weather_dag.py
[2026-06-04T07:40:59.381+0000] {processor.py:830} INFO - Processing file /opt/airflow/dags/weather_dag.py for tasks to queue
[2026-06-04T07:40:59.384+0000] {logging_mixin.py:188} INFO - [2026-06-04T07:40:59.384+0000] {dagbag.py:545} INFO - Filling up the DagBag from /opt/airflow/dags/weather_dag.py
[2026-06-04T07:40:59.681+0000] {processor.py:840} INFO - DAG(s) 'weather_pipeline' retrieved from /opt/airflow/dags/weather_dag.py
[2026-06-04T07:40:59.974+0000] {logging_mixin.py:188} INFO - [2026-06-04T07:40:59.973+0000] {dag.py:3096} INFO - Sync 1 DAGs
[2026-06-04T07:41:00.037+0000] {logging_mixin.py:188} INFO - [2026-06-04T07:41:00.037+0000] {dag.py:3954} INFO - Setting next_dagrun for weather_pipeline to 2026-06-04 06:00:00+00:00, run_after=2026-06-04 07:00:00+00:00
[2026-06-04T07:41:00.499+0000] {processor.py:183} INFO - Processing /opt/airflow/dags/weather_dag.py took 1.135 seconds
[2026-06-04T07:41:30.898+0000] {processor.py:161} INFO - Started process (PID=165) to work on /opt/airflow/dags/weather_dag.py
[2026-06-04T07:41:30.900+0000] {processor.py:830} INFO - Processing file /opt/airflow/dags/weather_dag.py for tasks to queue
[2026-06-04T07:41:30.903+0000] {logging_mixin.py:188} INFO - [2026-06-04T07:41:30.903+0000] {dagbag.py:545} INFO - Filling up the DagBag from /opt/airflow/dags/weather_dag.py
[2026-06-04T07:41:31.193+0000] {processor.py:840} INFO - DAG(s) 'weather_pipeline' retrieved from /opt/airflow/dags/weather_dag.py
[2026-06-04T07:41:31.244+0000] {logging_mixin.py:188} INFO - [2026-06-04T07:41:31.244+0000] {dag.py:3096} INFO - Sync 1 DAGs
[2026-06-04T07:41:31.286+0000] {logging_mixin.py:188} INFO - [2026-06-04T07:41:31.285+0000] {dag.py:3954} INFO - Setting next_dagrun for weather_pipeline to 2026-06-04 06:00:00+00:00, run_after=2026-06-04 07:00:00+00:00
[2026-06-04T07:41:31.321+0000] {processor.py:183} INFO - Processing /opt/airflow/dags/weather_dag.py took 0.433 seconds
[2026-06-04T07:42:01.631+0000] {processor.py:161} INFO - Started process (PID=173) to work on /opt/airflow/dags/weather_dag.py
[2026-06-04T07:42:01.634+0000] {processor.py:830} INFO - Processing file /opt/airflow/dags/weather_dag.py for tasks to queue
[2026-06-04T07:42:01.644+0000] {logging_mixin.py:188} INFO - [2026-06-04T07:42:01.643+0000] {dagbag.py:545} INFO - Filling up the DagBag from /opt/airflow/dags/weather_dag.py
[2026-06-04T07:42:01.964+0000] {processor.py:840} INFO - DAG(s) 'weather_pipeline' retrieved from /opt/airflow/dags/weather_dag.py
[2026-06-04T07:42:02.035+0000] {logging_mixin.py:188} INFO - [2026-06-04T07:42:02.033+0000] {dag.py:3096} INFO - Sync 1 DAGs
[2026-06-04T07:42:02.089+0000] {logging_mixin.py:188} INFO - [2026-06-04T07:42:02.089+0000] {dag.py:3954} INFO - Setting next_dagrun for weather_pipeline to 2026-06-04 06:00:00+00:00, run_after=2026-06-04 07:00:00+00:00
[2026-06-04T07:42:02.133+0000] {processor.py:183} INFO - Processing /opt/airflow/dags/weather_dag.py took 0.531 seconds
[2026-06-04T07:42:32.524+0000] {processor.py:161} INFO - Started process (PID=186) to work on /opt/airflow/dags/weather_dag.py
[2026-06-04T07:42:32.528+0000] {processor.py:830} INFO - Processing file /opt/airflow/dags/weather_dag.py for tasks to queue
[2026-06-04T07:42:32.537+0000] {logging_mixin.py:188} INFO - [2026-06-04T07:42:32.536+0000] {dagbag.py:545} INFO - Filling up the DagBag from /opt/airflow/dags/weather_dag.py
[2026-06-04T07:42:32.960+0000] {processor.py:840} INFO - DAG(s) 'weather_pipeline' retrieved from /opt/airflow/dags/weather_dag.py
[2026-06-04T07:42:33.031+0000] {logging_mixin.py:188} INFO - [2026-06-04T07:42:33.028+0000] {dag.py:3096} INFO - Sync 1 DAGs
[2026-06-04T07:42:33.089+0000] {logging_mixin.py:188} INFO - [2026-06-04T07:42:33.089+0000] {dag.py:3954} INFO - Setting next_dagrun for weather_pipeline to 2026-06-04 07:00:00+00:00, run_after=2026-06-04 08:00:00+00:00
[2026-06-04T07:42:33.131+0000] {processor.py:183} INFO - Processing /opt/airflow/dags/weather_dag.py took 0.634 seconds
[2026-06-04T07:43:03.418+0000] {processor.py:161} INFO - Started process (PID=194) to work on /opt/airflow/dags/weather_dag.py
[2026-06-04T07:43:03.420+0000] {processor.py:830} INFO - Processing file /opt/airflow/dags/weather_dag.py for tasks to queue
[2026-06-04T07:43:03.427+0000] {logging_mixin.py:188} INFO - [2026-06-04T07:43:03.426+0000] {dagbag.py:545} INFO - Filling up the DagBag from /opt/airflow/dags/weather_dag.py
[2026-06-04T07:43:03.861+0000] {processor.py:840} INFO - DAG(s) 'weather_pipeline' retrieved from /opt/airflow/dags/weather_dag.py
[2026-06-04T07:43:03.936+0000] {logging_mixin.py:188} INFO - [2026-06-04T07:43:03.935+0000] {dag.py:3096} INFO - Sync 1 DAGs
[2026-06-04T07:43:04.008+0000] {logging_mixin.py:188} INFO - [2026-06-04T07:43:04.008+0000] {dag.py:3954} INFO - Setting next_dagrun for weather_pipeline to 2026-06-04 07:00:00+00:00, run_after=2026-06-04 08:00:00+00:00
[2026-06-04T07:43:04.076+0000] {processor.py:183} INFO - Processing /opt/airflow/dags/weather_dag.py took 0.676 seconds
[2026-06-04T07:43:34.347+0000] {processor.py:161} INFO - Started process (PID=203) to work on /opt/airflow/dags/weather_dag.py
[2026-06-04T07:43:34.349+0000] {processor.py:830} INFO - Processing file /opt/airflow/dags/weather_dag.py for tasks to queue
[2026-06-04T07:43:34.354+0000] {logging_mixin.py:188} INFO - [2026-06-04T07:43:34.354+0000] {dagbag.py:545} INFO - Filling up the DagBag from /opt/airflow/dags/weather_dag.py
[2026-06-04T07:43:34.787+0000] {processor.py:840} INFO - DAG(s) 'weather_pipeline' retrieved from /opt/airflow/dags/weather_dag.py
[2026-06-04T07:43:34.836+0000] {logging_mixin.py:188} INFO - [2026-06-04T07:43:34.835+0000] {dag.py:3096} INFO - Sync 1 DAGs
[2026-06-04T07:43:34.877+0000] {logging_mixin.py:188} INFO - [2026-06-04T07:43:34.876+0000] {dag.py:3954} INFO - Setting next_dagrun for weather_pipeline to 2026-06-04 07:00:00+00:00, run_after=2026-06-04 08:00:00+00:00
[2026-06-04T07:43:34.913+0000] {processor.py:183} INFO - Processing /opt/airflow/dags/weather_dag.py took 0.578 seconds
[2026-06-04T07:44:05.192+0000] {processor.py:161} INFO - Started process (PID=212) to work on /opt/airflow/dags/weather_dag.py
[2026-06-04T07:44:05.196+0000] {processor.py:830} INFO - Processing file /opt/airflow/dags/weather_dag.py for tasks to queue
[2026-06-04T07:44:05.201+0000] {logging_mixin.py:188} INFO - [2026-06-04T07:44:05.200+0000] {dagbag.py:545} INFO - Filling up the DagBag from /opt/airflow/dags/weather_dag.py
[2026-06-04T07:44:05.568+0000] {processor.py:840} INFO - DAG(s) 'weather_pipeline' retrieved from /opt/airflow/dags/weather_dag.py
[2026-06-04T07:44:05.615+0000] {logging_mixin.py:188} INFO - [2026-06-04T07:44:05.614+0000] {dag.py:3096} INFO - Sync 1 DAGs
[2026-06-04T07:44:05.656+0000] {logging_mixin.py:188} INFO - [2026-06-04T07:44:05.655+0000] {dag.py:3954} INFO - Setting next_dagrun for weather_pipeline to 2026-06-04 07:00:00+00:00, run_after=2026-06-04 08:00:00+00:00
[2026-06-04T07:44:05.695+0000] {processor.py:183} INFO - Processing /opt/airflow/dags/weather_dag.py took 0.524 seconds
[2026-06-04T07:44:35.804+0000] {processor.py:161} INFO - Started process (PID=220) to work on /opt/airflow/dags/weather_dag.py
[2026-06-04T07:44:35.806+0000] {processor.py:830} INFO - Processing file /opt/airflow/dags/weather_dag.py for tasks to queue
[2026-06-04T07:44:35.811+0000] {logging_mixin.py:188} INFO - [2026-06-04T07:44:35.810+0000] {dagbag.py:545} INFO - Filling up the DagBag from /opt/airflow/dags/weather_dag.py
[2026-06-04T07:44:36.105+0000] {processor.py:840} INFO - DAG(s) 'weather_pipeline' retrieved from /opt/airflow/dags/weather_dag.py
[2026-06-04T07:44:36.165+0000] {logging_mixin.py:188} INFO - [2026-06-04T07:44:36.164+0000] {dag.py:3096} INFO - Sync 1 DAGs
[2026-06-04T07:44:36.208+0000] {logging_mixin.py:188} INFO - [2026-06-04T07:44:36.207+0000] {dag.py:3954} INFO - Setting next_dagrun for weather_pipeline to 2026-06-04 07:00:00+00:00, run_after=2026-06-04 08:00:00+00:00
[2026-06-04T07:44:36.255+0000] {processor.py:183} INFO - Processing /opt/airflow/dags/weather_dag.py took 0.461 seconds
[2026-06-04T07:45:06.604+0000] {processor.py:161} INFO - Started process (PID=228) to work on /opt/airflow/dags/weather_dag.py
[2026-06-04T07:45:06.606+0000] {processor.py:830} INFO - Processing file /opt/airflow/dags/weather_dag.py for tasks to queue
[2026-06-04T07:45:06.612+0000] {logging_mixin.py:188} INFO - [2026-06-04T07:45:06.610+0000] {dagbag.py:545} INFO - Filling up the DagBag from /opt/airflow/dags/weather_dag.py
[2026-06-04T07:45:06.958+0000] {processor.py:840} INFO - DAG(s) 'weather_pipeline' retrieved from /opt/airflow/dags/weather_dag.py
[2026-06-04T07:45:07.017+0000] {logging_mixin.py:188} INFO - [2026-06-04T07:45:07.016+0000] {dag.py:3096} INFO - Sync 1 DAGs
[2026-06-04T07:45:07.071+0000] {logging_mixin.py:188} INFO - [2026-06-04T07:45:07.071+0000] {dag.py:3954} INFO - Setting next_dagrun for weather_pipeline to 2026-06-04 07:00:00+00:00, run_after=2026-06-04 08:00:00+00:00
[2026-06-04T07:45:07.123+0000] {processor.py:183} INFO - Processing /opt/airflow/dags/weather_dag.py took 0.533 seconds
[2026-06-04T07:45:37.427+0000] {processor.py:161} INFO - Started process (PID=236) to work on /opt/airflow/dags/weather_dag.py
[2026-06-04T07:45:37.429+0000] {processor.py:830} INFO - Processing file /opt/airflow/dags/weather_dag.py for tasks to queue
[2026-06-04T07:45:37.432+0000] {logging_mixin.py:188} INFO - [2026-06-04T07:45:37.432+0000] {dagbag.py:545} INFO - Filling up the DagBag from /opt/airflow/dags/weather_dag.py
[2026-06-04T07:45:37.715+0000] {processor.py:840} INFO - DAG(s) 'weather_pipeline' retrieved from /opt/airflow/dags/weather_dag.py
[2026-06-04T07:45:37.771+0000] {logging_mixin.py:188} INFO - [2026-06-04T07:45:37.769+0000] {dag.py:3096} INFO - Sync 1 DAGs
[2026-06-04T07:45:37.815+0000] {logging_mixin.py:188} INFO - [2026-06-04T07:45:37.814+0000] {dag.py:3954} INFO - Setting next_dagrun for weather_pipeline to 2026-06-04 07:00:00+00:00, run_after=2026-06-04 08:00:00+00:00
[2026-06-04T07:45:37.852+0000] {processor.py:183} INFO - Processing /opt/airflow/dags/weather_dag.py took 0.434 seconds
[2026-06-04T07:46:08.128+0000] {processor.py:161} INFO - Started process (PID=244) to work on /opt/airflow/dags/weather_dag.py
[2026-06-04T07:46:08.130+0000] {processor.py:830} INFO - Processing file /opt/airflow/dags/weather_dag.py for tasks to queue
[2026-06-04T07:46:08.135+0000] {logging_mixin.py:188} INFO - [2026-06-04T07:46:08.134+0000] {dagbag.py:545} INFO - Filling up the DagBag from /opt/airflow/dags/weather_dag.py
[2026-06-04T07:46:08.469+0000] {processor.py:840} INFO - DAG(s) 'weather_pipeline' retrieved from /opt/airflow/dags/weather_dag.py
[2026-06-04T07:46:08.526+0000] {logging_mixin.py:188} INFO - [2026-06-04T07:46:08.525+0000] {dag.py:3096} INFO - Sync 1 DAGs
[2026-06-04T07:46:08.574+0000] {logging_mixin.py:188} INFO - [2026-06-04T07:46:08.573+0000] {dag.py:3954} INFO - Setting next_dagrun for weather_pipeline to 2026-06-04 07:00:00+00:00, run_after=2026-06-04 08:00:00+00:00
[2026-06-04T07:46:08.618+0000] {processor.py:183} INFO - Processing /opt/airflow/dags/weather_dag.py took 0.501 seconds
[2026-06-04T07:46:38.928+0000] {processor.py:161} INFO - Started process (PID=252) to work on /opt/airflow/dags/weather_dag.py
[2026-06-04T07:46:38.932+0000] {processor.py:830} INFO - Processing file /opt/airflow/dags/weather_dag.py for tasks to queue
[2026-06-04T07:46:38.939+0000] {logging_mixin.py:188} INFO - [2026-06-04T07:46:38.938+0000] {dagbag.py:545} INFO - Filling up the DagBag from /opt/airflow/dags/weather_dag.py
[2026-06-04T07:46:39.359+0000] {processor.py:840} INFO - DAG(s) 'weather_pipeline' retrieved from /opt/airflow/dags/weather_dag.py
[2026-06-04T07:46:39.425+0000] {logging_mixin.py:188} INFO - [2026-06-04T07:46:39.424+0000] {dag.py:3096} INFO - Sync 1 DAGs
[2026-06-04T07:46:39.485+0000] {logging_mixin.py:188} INFO - [2026-06-04T07:46:39.484+0000] {dag.py:3954} INFO - Setting next_dagrun for weather_pipeline to 2026-06-04 07:00:00+00:00, run_after=2026-06-04 08:00:00+00:00
[2026-06-04T07:46:39.531+0000] {processor.py:183} INFO - Processing /opt/airflow/dags/weather_dag.py took 0.620 seconds
[2026-06-04T07:47:09.626+0000] {processor.py:161} INFO - Started process (PID=260) to work on /opt/airflow/dags/weather_dag.py
[2026-06-04T07:47:09.628+0000] {processor.py:830} INFO - Processing file /opt/airflow/dags/weather_dag.py for tasks to queue
[2026-06-04T07:47:09.630+0000] {logging_mixin.py:188} INFO - [2026-06-04T07:47:09.630+0000] {dagbag.py:545} INFO - Filling up the DagBag from /opt/airflow/dags/weather_dag.py
[2026-06-04T07:47:09.901+0000] {processor.py:840} INFO - DAG(s) 'weather_pipeline' retrieved from /opt/airflow/dags/weather_dag.py
[2026-06-04T07:47:09.951+0000] {logging_mixin.py:188} INFO - [2026-06-04T07:47:09.949+0000] {dag.py:3096} INFO - Sync 1 DAGs
[2026-06-04T07:47:10.010+0000] {logging_mixin.py:188} INFO - [2026-06-04T07:47:10.008+0000] {dag.py:3954} INFO - Setting next_dagrun for weather_pipeline to 2026-06-04 07:00:00+00:00, run_after=2026-06-04 08:00:00+00:00
[2026-06-04T07:47:10.052+0000] {processor.py:183} INFO - Processing /opt/airflow/dags/weather_dag.py took 0.434 seconds
[2026-06-04T07:47:40.338+0000] {processor.py:161} INFO - Started process (PID=268) to work on /opt/airflow/dags/weather_dag.py
[2026-06-04T07:47:40.340+0000] {processor.py:830} INFO - Processing file /opt/airflow/dags/weather_dag.py for tasks to queue
[2026-06-04T07:47:40.344+0000] {logging_mixin.py:188} INFO - [2026-06-04T07:47:40.343+0000] {dagbag.py:545} INFO - Filling up the DagBag from /opt/airflow/dags/weather_dag.py
[2026-06-04T07:47:40.647+0000] {processor.py:840} INFO - DAG(s) 'weather_pipeline' retrieved from /opt/airflow/dags/weather_dag.py
[2026-06-04T07:47:40.720+0000] {logging_mixin.py:188} INFO - [2026-06-04T07:47:40.719+0000] {dag.py:3096} INFO - Sync 1 DAGs
[2026-06-04T07:47:40.774+0000] {logging_mixin.py:188} INFO - [2026-06-04T07:47:40.773+0000] {dag.py:3954} INFO - Setting next_dagrun for weather_pipeline to 2026-06-04 07:00:00+00:00, run_after=2026-06-04 08:00:00+00:00
[2026-06-04T07:47:40.813+0000] {processor.py:183} INFO - Processing /opt/airflow/dags/weather_dag.py took 0.485 seconds
[2026-06-04T07:48:11.139+0000] {processor.py:161} INFO - Started process (PID=280) to work on /opt/airflow/dags/weather_dag.py
[2026-06-04T07:48:11.142+0000] {processor.py:830} INFO - Processing file /opt/airflow/dags/weather_dag.py for tasks to queue
[2026-06-04T07:48:11.146+0000] {logging_mixin.py:188} INFO - [2026-06-04T07:48:11.145+0000] {dagbag.py:545} INFO - Filling up the DagBag from /opt/airflow/dags/weather_dag.py
[2026-06-04T07:48:11.454+0000] {processor.py:840} INFO - DAG(s) 'weather_pipeline' retrieved from /opt/airflow/dags/weather_dag.py
[2026-06-04T07:48:11.510+0000] {logging_mixin.py:188} INFO - [2026-06-04T07:48:11.508+0000] {dag.py:3096} INFO - Sync 1 DAGs
[2026-06-04T07:48:11.557+0000] {logging_mixin.py:188} INFO - [2026-06-04T07:48:11.557+0000] {dag.py:3954} INFO - Setting next_dagrun for weather_pipeline to 2026-06-04 07:00:00+00:00, run_after=2026-06-04 08:00:00+00:00
[2026-06-04T07:48:11.593+0000] {processor.py:183} INFO - Processing /opt/airflow/dags/weather_dag.py took 0.473 seconds
[2026-06-04T07:48:41.783+0000] {processor.py:161} INFO - Started process (PID=288) to work on /opt/airflow/dags/weather_dag.py
[2026-06-04T07:48:41.785+0000] {processor.py:830} INFO - Processing file /opt/airflow/dags/weather_dag.py for tasks to queue
[2026-06-04T07:48:41.788+0000] {logging_mixin.py:188} INFO - [2026-06-04T07:48:41.788+0000] {dagbag.py:545} INFO - Filling up the DagBag from /opt/airflow/dags/weather_dag.py
[2026-06-04T07:48:42.107+0000] {processor.py:840} INFO - DAG(s) 'weather_pipeline' retrieved from /opt/airflow/dags/weather_dag.py
[2026-06-04T07:48:42.151+0000] {logging_mixin.py:188} INFO - [2026-06-04T07:48:42.149+0000] {dag.py:3096} INFO - Sync 1 DAGs
[2026-06-04T07:48:42.187+0000] {logging_mixin.py:188} INFO - [2026-06-04T07:48:42.187+0000] {dag.py:3954} INFO - Setting next_dagrun for weather_pipeline to 2026-06-04 07:00:00+00:00, run_after=2026-06-04 08:00:00+00:00
[2026-06-04T07:48:42.222+0000] {processor.py:183} INFO - Processing /opt/airflow/dags/weather_dag.py took 0.453 seconds
[2026-06-04T07:49:12.494+0000] {processor.py:161} INFO - Started process (PID=297) to work on /opt/airflow/dags/weather_dag.py
[2026-06-04T07:49:12.496+0000] {processor.py:830} INFO - Processing file /opt/airflow/dags/weather_dag.py for tasks to queue
[2026-06-04T07:49:12.500+0000] {logging_mixin.py:188} INFO - [2026-06-04T07:49:12.500+0000] {dagbag.py:545} INFO - Filling up the DagBag from /opt/airflow/dags/weather_dag.py
[2026-06-04T07:49:12.747+0000] {processor.py:840} INFO - DAG(s) 'weather_pipeline' retrieved from /opt/airflow/dags/weather_dag.py
[2026-06-04T07:49:12.790+0000] {logging_mixin.py:188} INFO - [2026-06-04T07:49:12.789+0000] {dag.py:3096} INFO - Sync 1 DAGs
[2026-06-04T07:49:12.831+0000] {logging_mixin.py:188} INFO - [2026-06-04T07:49:12.830+0000] {dag.py:3954} INFO - Setting next_dagrun for weather_pipeline to 2026-06-04 07:00:00+00:00, run_after=2026-06-04 08:00:00+00:00
[2026-06-04T07:49:12.864+0000] {processor.py:183} INFO - Processing /opt/airflow/dags/weather_dag.py took 0.382 seconds
[2026-06-04T07:49:43.163+0000] {processor.py:161} INFO - Started process (PID=305) to work on /opt/airflow/dags/weather_dag.py
[2026-06-04T07:49:43.165+0000] {processor.py:830} INFO - Processing file /opt/airflow/dags/weather_dag.py for tasks to queue
[2026-06-04T07:49:43.170+0000] {logging_mixin.py:188} INFO - [2026-06-04T07:49:43.169+0000] {dagbag.py:545} INFO - Filling up the DagBag from /opt/airflow/dags/weather_dag.py
[2026-06-04T07:49:43.561+0000] {processor.py:840} INFO - DAG(s) 'weather_pipeline' retrieved from /opt/airflow/dags/weather_dag.py
[2026-06-04T07:49:43.621+0000] {logging_mixin.py:188} INFO - [2026-06-04T07:49:43.620+0000] {dag.py:3096} INFO - Sync 1 DAGs
[2026-06-04T07:49:43.669+0000] {logging_mixin.py:188} INFO - [2026-06-04T07:49:43.669+0000] {dag.py:3954} INFO - Setting next_dagrun for weather_pipeline to 2026-06-04 07:00:00+00:00, run_after=2026-06-04 08:00:00+00:00
[2026-06-04T07:49:43.710+0000] {processor.py:183} INFO - Processing /opt/airflow/dags/weather_dag.py took 0.562 seconds
[2026-06-04T07:50:14.018+0000] {processor.py:161} INFO - Started process (PID=313) to work on /opt/airflow/dags/weather_dag.py
[2026-06-04T07:50:14.021+0000] {processor.py:830} INFO - Processing file /opt/airflow/dags/weather_dag.py for tasks to queue
[2026-06-04T07:50:14.025+0000] {logging_mixin.py:188} INFO - [2026-06-04T07:50:14.024+0000] {dagbag.py:545} INFO - Filling up the DagBag from /opt/airflow/dags/weather_dag.py
[2026-06-04T07:50:14.542+0000] {processor.py:840} INFO - DAG(s) 'weather_pipeline' retrieved from /opt/airflow/dags/weather_dag.py
[2026-06-04T07:50:14.632+0000] {logging_mixin.py:188} INFO - [2026-06-04T07:50:14.626+0000] {dag.py:3096} INFO - Sync 1 DAGs
[2026-06-04T07:50:14.735+0000] {logging_mixin.py:188} INFO - [2026-06-04T07:50:14.734+0000] {dag.py:3954} INFO - Setting next_dagrun for weather_pipeline to 2026-06-04 07:00:00+00:00, run_after=2026-06-04 08:00:00+00:00
[2026-06-04T07:50:14.817+0000] {processor.py:183} INFO - Processing /opt/airflow/dags/weather_dag.py took 0.813 seconds
